// Jest Snapshot v1, https://goo.gl/fbAQLP

exports[`sds  1`] = `ShallowWrapper {}`;

exports[`should render Form component should match snapshot 1`] = `ShallowWrapper {}`;
